[1/20] Building OrchestraInterfaces.cpp.inc...
[2/20] Building OrchestraDialect.cpp.inc...
[3/20] Building OrchestraCanonicalization.h.inc...
[4/20] Building OrchestraInterfaces.h.inc...
[5/19] Building OrchestraDialect.h.inc...
[6/18] Building OrchestraOps.cpp.inc...
[7/18] Building OrchestraOps.h.inc...
[8/14] Generating SpeculateIfOp.pdll.inc
[9/14] Building CXX object lib/Orchestra/CMakeFiles/obj.Orchestra.dir/OrchestraOps.cpp.o
[10/14] Linking CXX static library lib/Orchestra/libOrchestra.a
[11/14] Building CXX object lib/Orchestra/Transforms/CMakeFiles/OrchestraTransforms.dir/Passes.cpp.o
[12/14] Linking CXX static library lib/Orchestra/Transforms/libOrchestraTransforms.a
[13/14] Linking CXX executable orchestra-opt/orchestra-opt
[13/14] Running the Orchestra regression tests
-- Testing: 13 tests, 4 workers --
Testing:  0.. 10.. 20.. 30.. 40.. 50.. 60.. 70.. 80.. 90..

Testing Time: 0.22s

Total Discovered Tests: 13
  Passed: 13 (100.00%)
